// Jest Snapshot v1, https://goo.gl/fbAQLP

exports[`Renders without crashing 1`] = `
<App>
  <div
    className="App"
  >
    <Menu>
      <div
        className="ui menu"
      >
        <MenuItem
          header={true}
        >
          <div
            className="header item"
            onClick={[Function]}
          >
            Compras
          </div>
        </MenuItem>
        <MenuItem
          name="aboutUs"
        >
          <div
            className="item"
            onClick={[Function]}
          >
            About Us
          </div>
        </MenuItem>
        <MenuItem
          name="jobs"
        >
          <div
            className="item"
            onClick={[Function]}
          >
            Jobs
          </div>
        </MenuItem>
        <MenuItem
          name="locations"
        >
          <div
            className="item"
            onClick={[Function]}
          >
            Locations
          </div>
        </MenuItem>
        <MenuItem>
          <div
            className="item"
            onClick={[Function]}
          >
            <Button
              as="button"
              primary={true}
              role="button"
            >
              <button
                className="ui primary button"
                onClick={[Function]}
                role="button"
              >
                Sign up
              </button>
            </Button>
          </div>
        </MenuItem>
        <MenuItem>
          <div
            className="item"
            onClick={[Function]}
          >
            <Button
              as="button"
              role="button"
            >
              <button
                className="ui button"
                onClick={[Function]}
                role="button"
              >
                Log-in
              </button>
            </Button>
          </div>
        </MenuItem>
      </div>
    </Menu>
  </div>
</App>
`;
